version: (200506)

available memory: 64M bytes
used memory: 73728 bytes [need 72K bytes if disable swap]

used block: 2 [memory(2) file(0)]
                 [ 8K(1) 64K(1) { total 72K bytes } ]
overhead: (9514) bytes for (2) blocks [Average: (4757) bytes/block]

write  => 0(times) 0K(bytes) [0K bytes to file]
read   => 1(times) 33K(bytes) [6K bytes compressed data from file]
access => 25011(times) 197M(bytes)
          [hit ratio: 99.996%]

time: write(0) read(0)  unit: second

swap file directory: (/home/a34458_asu/Desktop/Lab1/sim/verdiLog)
used swap file number: (1)



swap file manager:
arrSize: (256)
idxCnt: (3)
closeHead: (1)
closeTail: (2)
openCnt: (2)
fid(2): fd(24) fileName(/home/a34458_asu/Desktop/Lab1/sim/verdiLog/_swap_0001#776921964#137365)
	size(0) lastModTime(0) curModTime(1790547898)
	mode(w+b)	hot(0) cool(1) pos(0)
fid(1): fd(1073741824) fileName(/home/a34458_asu/Desktop/Lab1/sim/simv.daidir/kdb.elab++/work.lib++/ASYNC_FIFO_tb.sv.tdc)
	size(11822) lastModTime(1790547844) curModTime(1790547844)
	mode(rb)	hot(2) cool(0) pos(0)
fid(0): fd(0) fileName(NULL)
	mode(NULL)	hot(0) cool(0) pos(0)
==================================================
mySelf(0x21668310) pre(0x20a04450) next((nil))
version(200506)
date(Jun 27 2025 20:37:29)
