Info: [VCS_SAVE_RESTORE_INFO] ASLR (Address Space Layout Randomization) is detected on the machine. To enable $save functionality, ASLR will be switched off and simv re-executed.
Please use '-no_save' simv switch to avoid this.

                           Design Compiler Graphical 
                                 DC Ultra (TM)
                                  DFTMAX (TM)
                              Power Compiler (TM)
                                 DesignWare (R)
                                 DC Expert (TM)
                               Design Vision (TM)
                               HDL Compiler (TM)
                               VHDL Compiler (TM)
                                  DFT Compiler
                               Design Compiler(R)

              Version V-2023.12-SP5-1 for linux64 - Sep 03, 2024 

                    Copyright (c) 1988 - 2024 Synopsys, Inc.
   This software and the associated documentation are proprietary to Synopsys,
 Inc. This software may only be used in accordance with the terms and conditions
 of a written license agreement with Synopsys, Inc. All other use, reproduction,
   or distribution of this software is strictly prohibited.  Licensed Products
     communicate with Synopsys servers for the purpose of providing software
    updates, detecting software piracy and verifying that customers are using
    Licensed Products in conformity with the applicable License Key for such
  Licensed Products. Synopsys will use information gathered in connection with
    this process to deliver software updates and pursue software pirates and
                                   infringers.

 Inclusivity & Diversity - Visit SolvNetPlus to read the "Synopsys Statement on
            Inclusivity and Diversity" (Refer to article 000036315 at
                        https://solvnetplus.synopsys.com)
Initializing...
Current time:       Sun Sep 27 22:54:33 2026
Hostname:           nc-asu6-l06.apporto.com
CPU Model:          Intel(R) Xeon(R) Platinum 8488C
CPU Details:        Cores = 16 : Sockets = 1 : Cache Size = 107520 KB : Freq = 2.40 GHz
OS:                 Linux 4.18.0-372.19.1.el8_6.x86_64
RAM:                 61 GB (Free  51 GB)
Swap:                 0 GB (Free   0 GB)
Work Filesystem:    /home/a34458_asu mounted to nc-u24-nfs01.apporto.com:/homes/a34458_asu
Tmp Filesystem:     /tmp mounted to tmpfs
Work Disk:          3936 GB (Free 1510 GB)
Tmp Disk:            30 GB (Free  30 GB)
#/**************************************************/
#/* Compile Script for Synopsys                    */
#/*                                                */
#/* dc_shell-t -f compile_dc.tcl                   */
#/*                                                */
#/* OSU FreePDK 45nm                               */
#/**************************************************/
#/* All verilog files, separated by spaces         */
set my_verilog_files [glob ../RTL_noTB/*.sv]
../RTL_noTB/Sync_r2w.sv ../RTL_noTB/ASYNC_FIFO_mem.sv ../RTL_noTB/Read_ptr.sv ../RTL_noTB/mem_interface.sv ../RTL_noTB/Sync_w2r.sv ../RTL_noTB/Write_ptr.sv ../RTL_noTB/ASYNC_FIFO.sv
#/* Top-level Module                               */
set my_toplevel   FIFO_TOP
FIFO_TOP
#/* The name of the clock pin. If no clock-pin     */
#/* exists, pick anything                          */
set my_clock_pin clk
clk
#/* Target frequency in MHz for optimization       */
set my_clk_freq_MHz 1000
1000
#/* Delay of input signals (Clock-to-Q, Package etc.)  */
set my_input_delay_ns 0.1
0.1
#/* Reserved time for output signals (Holdtime etc.)   */
set my_output_delay_ns 0.1
0.1
#/**************************************************/
#/* No modifications needed below                  */
#/**************************************************/
set OSU_FREEPDK [format "%s%s"  [getenv "PDK_DIR"] "/osu_soc/lib/files"]
/usr/local2/cadence/NCSU/SRC/FreePDK45/osu_soc/lib/files
set search_path [concat  $search_path $OSU_FREEPDK]
. /usr/local2/synopsys/syn_2023.12-SP51/libraries/syn /usr/local2/synopsys/syn_2023.12-SP51/dw/syn_ver /usr/local2/synopsys/syn_2023.12-SP51/dw/sim_ver /usr/local2/cadence/NCSU/SRC/FreePDK45/osu_soc/lib/files
set alib_library_analysis_path $OSU_FREEPDK
/usr/local2/cadence/NCSU/SRC/FreePDK45/osu_soc/lib/files
set link_library [set target_library [concat  [list gscl45nm.db] [list dw_foundation.sldb]]]
gscl45nm.db dw_foundation.sldb
set target_library "gscl45nm.db"
gscl45nm.db
define_design_lib WORK -path ./WORK
1
set verilogout_show_unconnected_pins "true"
true
set_ultra_optimization true
Error: unknown command 'set_ultra_optimization' (CMD-005)
set_ultra_optimization -force
Error: unknown command 'set_ultra_optimization' (CMD-005)
analyze -format sverilog $my_verilog_files
Running PRESTO HDLC
Compiling source file ../RTL_noTB/Sync_r2w.sv
Compiling source file ../RTL_noTB/ASYNC_FIFO_mem.sv
Compiling source file ../RTL_noTB/Read_ptr.sv
Compiling source file ../RTL_noTB/mem_interface.sv
Compiling source file ../RTL_noTB/Sync_w2r.sv
Compiling source file ../RTL_noTB/Write_ptr.sv
Compiling source file ../RTL_noTB/ASYNC_FIFO.sv
Presto compilation completed successfully.
Loading db file '/usr/local2/cadence/NCSU/SRC/FreePDK45/osu_soc/lib/files/gscl45nm.db'
Loading db file '/usr/local2/synopsys/syn_2023.12-SP51/libraries/syn/dw_foundation.sldb'
1
elaborate $my_toplevel
Loading db file '/usr/local2/synopsys/syn_2023.12-SP51/libraries/syn/gtech.db'
Loading db file '/usr/local2/synopsys/syn_2023.12-SP51/libraries/syn/standard.sldb'
  Loading link library 'gscl45nm'
  Loading link library 'gtech'
Running PRESTO HDLC
Presto compilation completed successfully. (FIFO_TOP)
Elaborated 1 design.
Current design is now 'FIFO_TOP'.
Information: Building the design 'Read_ptr'. (HDL-193)
Warning:  ../RTL_noTB/Read_ptr.sv:36: signed to unsigned conversion occurs. (VER-318)

Inferred memory devices in process
	in routine Read_ptr line 41 in file
		'../RTL_noTB/Read_ptr.sv'.
===============================================================================
|    Register Name    |   Type    | Width | Bus | MB | AR | AS | SR | SS | ST |
===============================================================================
|   R_ptr_gray_reg    | Flip-flop |   5   |  Y  | N  | Y  | N  | N  | N  | N  |
|      empty_reg      | Flip-flop |   1   |  N  | N  | N  | Y  | N  | N  | N  |
|    R_ptr_bin_reg    | Flip-flop |   5   |  Y  | N  | Y  | N  | N  | N  | N  |
===============================================================================
Presto compilation completed successfully. (Read_ptr)
Information: Building the design 'Mem' instantiated from design 'FIFO_TOP' with
	the parameters "ADDR_WIDTH=4,DATA_WIDTH=8|((N%mem_bus%I%WORK/mem_if%%ADDR_WIDTH=4,DATA_WIDTH=8))". (HDL-193)

Inferred memory devices in process
	in routine Mem_ADDR_WIDTH4_DATA_WIDTH8_I_mem_bus_mem_if__ADDR_WIDTH_4_DATA_WIDTH_8 line 13 in file
		'../RTL_noTB/ASYNC_FIFO_mem.sv'.
===============================================================================
|    Register Name    |   Type    | Width | Bus | MB | AR | AS | SR | SS | ST |
===============================================================================
|       mem_reg       | Flip-flop |  128  |  Y  | N  | N  | N  | N  | N  | N  |
===============================================================================
Statistics for MUX_OPs
================================================================================================================
|                              block name/line                               | Inputs | Outputs | # sel inputs |
================================================================================================================
| Mem_ADDR_WIDTH4_DATA_WIDTH8_I_mem_bus_mem_if__ADDR_WIDTH_4_DATA_WIDTH_8/20 |   16   |    8    |      4       |
================================================================================================================
Presto compilation completed successfully. (Mem_ADDR_WIDTH4_DATA_WIDTH8_I_mem_bus_mem_if__ADDR_WIDTH_4_DATA_WIDTH_8)
Information: Building the design 'Write_ptr'. (HDL-193)
Warning:  ../RTL_noTB/Write_ptr.sv:52: signed to unsigned conversion occurs. (VER-318)

Inferred memory devices in process
	in routine Write_ptr line 25 in file
		'../RTL_noTB/Write_ptr.sv'.
===============================================================================
|    Register Name    |   Type    | Width | Bus | MB | AR | AS | SR | SS | ST |
===============================================================================
|   W_ptr_gray_reg    | Flip-flop |   5   |  Y  | N  | Y  | N  | N  | N  | N  |
|      full_reg       | Flip-flop |   1   |  N  | N  | Y  | N  | N  | N  | N  |
|    W_ptr_bin_reg    | Flip-flop |   5   |  Y  | N  | Y  | N  | N  | N  | N  |
===============================================================================
Presto compilation completed successfully. (Write_ptr)
Information: Building the design 'Sync_r2w'. (HDL-193)

Inferred memory devices in process
	in routine Sync_r2w line 13 in file
		'../RTL_noTB/Sync_r2w.sv'.
==================================================================================
|     Register Name      |   Type    | Width | Bus | MB | AR | AS | SR | SS | ST |
==================================================================================
|   sync_r2w_r_ptr_reg   | Flip-flop |   5   |  Y  | N  | Y  | N  | N  | N  | N  |
| sync_r2w_r_ptr_ff1_reg | Flip-flop |   5   |  Y  | N  | Y  | N  | N  | N  | N  |
==================================================================================
Presto compilation completed successfully. (Sync_r2w)
Information: Building the design 'Sync_w2r'. (HDL-193)

Inferred memory devices in process
	in routine Sync_w2r line 13 in file
		'../RTL_noTB/Sync_w2r.sv'.
==================================================================================
|     Register Name      |   Type    | Width | Bus | MB | AR | AS | SR | SS | ST |
==================================================================================
|   sync_w2r_w_ptr_reg   | Flip-flop |   5   |  Y  | N  | Y  | N  | N  | N  | N  |
| sync_w2r_w_ptr_ff1_reg | Flip-flop |   5   |  Y  | N  | Y  | N  | N  | N  | N  |
==================================================================================
Presto compilation completed successfully. (Sync_w2r)
1
current_design $my_toplevel
Current design is 'FIFO_TOP'.
{FIFO_TOP}
link

  Linking design 'FIFO_TOP'
  Using the following designs and libraries:
  --------------------------------------------------------------------------
  gscl45nm (library)          /usr/local2/cadence/NCSU/SRC/FreePDK45/osu_soc/lib/files/gscl45nm.db
  dw_foundation.sldb (library) /usr/local2/synopsys/syn_2023.12-SP51/libraries/syn/dw_foundation.sldb

1
uniquify
1
#set my_period [expr 1000.0 / $my_clk_freq_MHz]
set my_period_w 0.7
0.7
set my_period_r 0.7
0.7
create_clock -name W_CLK \
    -period $my_period_w \
    [get_ports W_clk]
1
create_clock -name R_CLK \
    -period $my_period_r \
    [get_ports R_clk]
1
set_clock_groups -asynchronous \
    -group {W_CLK} \
    -group {R_CLK}
1
set_driving_cell  -lib_cell INVX1  [all_inputs]
Warning: Design rule attributes from the driving cell will be set on the port 'W_clk'. (UID-401)
Warning: Design rule attributes from the driving cell will be set on the port 'R_clk'. (UID-401)
Warning: Design rule attributes from the driving cell will be set on the port 'W_rst_n'. (UID-401)
Warning: Design rule attributes from the driving cell will be set on the port 'R_rst_n'. (UID-401)
Warning: Design rule attributes from the driving cell will be set on the port 'W_en'. (UID-401)
Warning: Design rule attributes from the driving cell will be set on the port 'R_en'. (UID-401)
Warning: Design rule attributes from the driving cell will be set on the port 'W_data[7]'. (UID-401)
Warning: Design rule attributes from the driving cell will be set on the port 'W_data[6]'. (UID-401)
Warning: Design rule attributes from the driving cell will be set on the port 'W_data[5]'. (UID-401)
Warning: Design rule attributes from the driving cell will be set on the port 'W_data[4]'. (UID-401)
Warning: Design rule attributes from the driving cell will be set on the port 'W_data[3]'. (UID-401)
Warning: Design rule attributes from the driving cell will be set on the port 'W_data[2]'. (UID-401)
Warning: Design rule attributes from the driving cell will be set on the port 'W_data[1]'. (UID-401)
Warning: Design rule attributes from the driving cell will be set on the port 'W_data[0]'. (UID-401)
1
set_input_delay $my_input_delay_ns \
    -clock W_clk \
    [remove_from_collection [all_inputs] [get_ports {W_clk R_clk}]]
Warning: Can't find clock 'W_clk' in design 'FIFO_TOP'. (UID-95)
Error: Value for list '-clock' must have 1 elements. (CMD-036)
0
set_output_delay $my_output_delay_ns \
    -clock W_clk \
    [all_outputs]
Warning: Can't find clock 'W_clk' in design 'FIFO_TOP'. (UID-95)
Error: Value for list '-clock' must have 1 elements. (CMD-036)
0
compile -ungroup_all -map_effort medium
Information: Checking out the license 'DesignWare'. (SEC-104)
Information: Evaluating DesignWare library utilization. (UISN-27)

============================================================================
| DesignWare Building Block Library  |         Version         | Available |
============================================================================
| Basic DW Building Blocks           | V-2023.12-DWBB_202312.5 |     *     |
| Licensed DW Building Blocks        | V-2023.12-DWBB_202312.5 |     *     |
============================================================================

====================================================================================================
| Flow Information                                                                                 |
----------------------------------------------------------------------------------------------------
| Flow         | Design Compiler                                                                   |
====================================================================================================
| Design Information                                      | Value                                  |
====================================================================================================
| Number of Scenarios                                     | 0                                      |
| Leaf Cell Count                                         | 247                                    |
| Number of User Hierarchies                              | 5                                      |
| Sequential Cell Count                                   | 170                                    |
| Macro Count                                             | 0                                      |
| Number of Power Domains                                 | 0                                      |
| Number of Path Groups                                   | 3                                      |
| Number of VT Class                                      | 0                                      |
| Number of Clocks                                        | 2                                      |
| Number of Dont Touch Cells                              | 6                                      |
| Number of Dont Touch Nets                               | 0                                      |
| Number of Size Only Cells                               | 0                                      |
| Design with UPF Data                                    | false                                  |
====================================================================================================


  Beginning Pass 1 Mapping
  ------------------------
  Processing 'Sync_w2r'
  Processing 'Sync_r2w'
  Processing 'Write_ptr'
Information: Added key list 'DesignWare' to design 'Write_ptr'. (DDB-72)
  Processing 'Mem_ADDR_WIDTH4_DATA_WIDTH8_I_mem_bus_mem_if__ADDR_WIDTH_4_DATA_WIDTH_8'
Information: Ungrouping hierarchy C293. (OPT-772)
  Processing 'Read_ptr'
Information: Added key list 'DesignWare' to design 'Read_ptr'. (DDB-72)
  Processing 'FIFO_TOP'

  Updating timing information
Information: Updating design information... (UID-85)
Information: Ungrouping hierarchy Read_ptr_inst. (OPT-772)
Warning: Design 'FIFO_TOP' inherited license information from design 'Read_ptr'. (DDB-74)
Information: Added key list 'DesignWare' to design 'FIFO_TOP'. (DDB-72)
Information: Ungrouping hierarchy Mem_inst. (OPT-772)
Information: Ungrouping hierarchy Write_ptr_inst. (OPT-772)
Information: Ungrouping hierarchy Sync_r2w_inst. (OPT-772)
Information: Ungrouping hierarchy Sync_w2r_inst. (OPT-772)

  Beginning Implementation Selection
  ----------------------------------
  Processing 'DW01_add_width5_DW01_add_0'
  Processing 'DW01_sub_width5_DW01_sub_0'
  Mapping 'DW_cmp'
  Processing 'DW01_add_width5_DW01_add_1'
  Processing 'DW01_sub_width5_DW01_sub_1'
  Mapping 'DW_cmp'

  Beginning Mapping Optimizations  (Medium effort)
  -------------------------------

                                  TOTAL                                      
   ELAPSED            WORST NEG   SETUP    DESIGN                            
    TIME      AREA      SLACK     COST    RULE COST         ENDPOINT         
  --------- --------- --------- --------- --------- -------------------------
    0:00:01    3230.2      0.00       0.0     839.8                          
    0:00:01    3230.2      0.00       0.0     839.8                          
    0:00:01    3230.2      0.00       0.0     839.8                          
    0:00:01    3230.2      0.00       0.0     839.8                          
    0:00:01    3230.2      0.00       0.0     839.8                          
    0:00:01    3084.7      0.00       0.0     726.8                          
    0:00:01    3084.7      0.00       0.0     726.8                          
    0:00:01    3084.7      0.00       0.0     726.8                          
    0:00:01    3084.7      0.00       0.0     726.8                          
    0:00:01    3084.7      0.00       0.0     726.8                          
    0:00:01    3145.7      0.00       0.0     571.0                          
    0:00:01    3191.7      0.00       0.0     490.6                          
    0:00:01    3241.5      0.00       0.0     413.6                          
    0:00:01    3281.3      0.00       0.0     370.0                          
    0:00:01    3312.8      0.01       0.0     344.7                          
    0:00:01    3344.2      0.04       0.0     317.8                          
    0:00:01    3369.1      0.04       0.0     299.2                          
    0:00:01    3386.5      0.04       0.0     287.0                          
    0:00:01    3403.4      0.04       0.0     273.8                          
    0:00:01    3403.4      0.04       0.0     273.8                          
    0:00:01    3403.4      0.00       0.0     283.1                          



  Beginning Delay Optimization Phase
  ----------------------------------

                                  TOTAL                                      
   ELAPSED            WORST NEG   SETUP    DESIGN                            
    TIME      AREA      SLACK     COST    RULE COST         ENDPOINT         
  --------- --------- --------- --------- --------- -------------------------
    0:00:01    3403.4      0.00       0.0     283.1                          
    0:00:01    3403.4      0.00       0.0     283.1                          
    0:00:01    3403.4      0.00       0.0     283.1                          
    0:00:01    3403.4      0.00       0.0     283.1                          
    0:00:01    3403.4      0.00       0.0     283.1                          


  Beginning Design Rule Fixing  (max_capacitance)
  ----------------------------

                                  TOTAL                                      
   ELAPSED            WORST NEG   SETUP    DESIGN                            
    TIME      AREA      SLACK     COST    RULE COST         ENDPOINT         
  --------- --------- --------- --------- --------- -------------------------
    0:00:01    3403.4      0.00       0.0     283.1                          
    0:00:01    3524.4      0.00       0.0     253.3 Mem_inst/n330            
    0:00:01    3658.7      0.00       0.0     233.3 Mem_inst/n309            
    0:00:01    3737.5      0.02       0.0     186.6 net3397                  
    0:00:01    3810.2      0.00       0.0     149.3 R_ptr_gray[2]            
    0:00:01    3866.6      0.00       0.0     142.3                          


  Beginning Area-Recovery Phase  (cleanup)
  -----------------------------

                                  TOTAL                                      
   ELAPSED            WORST NEG   SETUP    DESIGN                            
    TIME      AREA      SLACK     COST    RULE COST         ENDPOINT         
  --------- --------- --------- --------- --------- -------------------------
    0:00:01    3866.6      0.00       0.0     142.3                          
    0:00:01    3866.6      0.00       0.0     142.3                          
    0:00:01    3769.9      0.00       0.0     142.3                          
    0:00:01    3717.3      0.00       0.0     142.3                          
    0:00:01    3694.8      0.00       0.0     142.3                          
    0:00:01    3694.8      0.00       0.0     142.3                          
    0:00:01    3694.8      0.00       0.0     142.3                          
    0:00:01    3694.8      0.00       0.0     142.3                          
    0:00:01    3692.0      0.00       0.0     142.3                          
    0:00:01    3692.0      0.00       0.0     142.3                          
    0:00:01    3692.0      0.00       0.0     142.3                          
    0:00:01    3692.0      0.00       0.0     142.3                          
    0:00:01    3692.0      0.00       0.0     142.3                          
    0:00:01    3692.0      0.00       0.0     142.3                          
    0:00:01    3692.0      0.00       0.0     142.3                          
Loading db file '/usr/local2/cadence/NCSU/SRC/FreePDK45/osu_soc/lib/files/gscl45nm.db'


Note: Symbol # after min delay cost means estimated hold TNS across all active scenarios 


  Optimization Complete
  ---------------------
Information: Total number of MV cells in the design.
----------------------------------------------------------------------------------------------------
 MV Cells                                           Total Number                                   
----------------------------------------------------------------------------------------------------
 Level Shifter:                                     0                                             
 Enable Level Shifter:                              0                                             
 Isolation Cell:                                    0                                             
 Retention Cell:                                    0                                             
 Retention Clamp Cell:                              0                                             
 Switch Cell:                                       0                                             
 Always-On Cell:                                    0                                             
 Repeater Cell:                                     0                                             

----------------------------------------------------------------------------------------------------
Unmapped MV Cells 
----------------------------------------------------------------------------------------------------
0 Isolation Cells are unmapped 
0 Retention Clamp Cells are unmapped 
----------------------------------------------------------------------------------------------------
1
compile -incremental_mapping -map_effort medium
====================================================================================================
| Flow Information                                                                                 |
----------------------------------------------------------------------------------------------------
| Flow         | Design Compiler                                                                   |
====================================================================================================
| Design Information                                      | Value                                  |
====================================================================================================
| Number of Scenarios                                     | 0                                      |
| Leaf Cell Count                                         | 1153                                   |
| Number of User Hierarchies                              | 0                                      |
| Sequential Cell Count                                   | 170                                    |
| Macro Count                                             | 0                                      |
| Number of Power Domains                                 | 0                                      |
| Number of Path Groups                                   | 3                                      |
| Number of VT Class                                      | 0                                      |
| Number of Clocks                                        | 2                                      |
| Number of Dont Touch Cells                              | 0                                      |
| Number of Dont Touch Nets                               | 0                                      |
| Number of Size Only Cells                               | 0                                      |
| Design with UPF Data                                    | false                                  |
====================================================================================================


  Beginning Pass 1 Mapping  (Incremental)
  ------------------------

  Updating timing information
Information: Updating design information... (UID-85)

  Beginning Mapping Optimizations  (Medium effort)  (Incremental)
  -------------------------------

  Beginning Incremental Implementation Selection
  ----------------------------------------------

  Beginning Delay Optimization Phase
  ----------------------------------

                                  TOTAL                                      
   ELAPSED            WORST NEG   SETUP    DESIGN                            
    TIME      AREA      SLACK     COST    RULE COST         ENDPOINT         
  --------- --------- --------- --------- --------- -------------------------
    0:00:00    3692.0      0.00       0.0     142.3                          
    0:00:00    3692.0      0.00       0.0     142.3                          
    0:00:00    3692.0      0.00       0.0     142.3                          


  Beginning Design Rule Fixing  (max_capacitance)
  ----------------------------

                                  TOTAL                                      
   ELAPSED            WORST NEG   SETUP    DESIGN                            
    TIME      AREA      SLACK     COST    RULE COST         ENDPOINT         
  --------- --------- --------- --------- --------- -------------------------
    0:00:00    3692.0      0.00       0.0     142.3                          
    0:00:00    3736.1      0.00       0.0     140.8 Mem_inst/n356            
    0:00:00    3736.6      0.03       0.0     140.8 mem_bus.W_addr[0]        
    0:00:00    3738.4      0.00       0.0     140.8 Write_ptr_inst/full_reg/D
    0:00:00    3738.4      0.00       0.0     140.8                          
Loading db file '/usr/local2/cadence/NCSU/SRC/FreePDK45/osu_soc/lib/files/gscl45nm.db'


Note: Symbol # after min delay cost means estimated hold TNS across all active scenarios 


  Optimization Complete
  ---------------------
Information: Total number of MV cells in the design.
----------------------------------------------------------------------------------------------------
 MV Cells                                           Total Number                                   
----------------------------------------------------------------------------------------------------
 Level Shifter:                                     0                                             
 Enable Level Shifter:                              0                                             
 Isolation Cell:                                    0                                             
 Retention Cell:                                    0                                             
 Retention Clamp Cell:                              0                                             
 Switch Cell:                                       0                                             
 Always-On Cell:                                    0                                             
 Repeater Cell:                                     0                                             

----------------------------------------------------------------------------------------------------
Unmapped MV Cells 
----------------------------------------------------------------------------------------------------
0 Isolation Cells are unmapped 
0 Retention Clamp Cells are unmapped 
----------------------------------------------------------------------------------------------------
1
check_design
1
report_constraint -all_violators
Information: Updating design information... (UID-85)
 
****************************************
Report : constraint
        -all_violators
Design : FIFO_TOP
Version: V-2023.12-SP5-1
Date   : Sun Sep 27 22:54:36 2026
****************************************


   max_capacitance

                             Required        Actual
   Net                      Capacitance    Capacitance       Slack
   -----------------------------------------------------------------
   Mem_inst/n290                0.00           0.00           0.00  (VIOLATED: increase significant digits)
   Mem_inst/n291                0.00           0.00           0.00  (VIOLATED: increase significant digits)
   Mem_inst/n292                0.00           0.00           0.00  (VIOLATED: increase significant digits)
   Mem_inst/n293                0.00           0.00           0.00  (VIOLATED: increase significant digits)
   Mem_inst/n294                0.00           0.00           0.00  (VIOLATED: increase significant digits)
   Mem_inst/n296                0.00           0.00           0.00  (VIOLATED: increase significant digits)
   Mem_inst/n297                0.00           0.00           0.00  (VIOLATED: increase significant digits)
   Mem_inst/n309                0.00           0.00           0.00  (VIOLATED: increase significant digits)
   Mem_inst/n311                0.00           0.00           0.00  (VIOLATED: increase significant digits)
   Mem_inst/n312                0.00           0.00           0.00  (VIOLATED: increase significant digits)
   Mem_inst/n313                0.00           0.00           0.00  (VIOLATED: increase significant digits)
   Mem_inst/n314                0.00           0.00           0.00  (VIOLATED: increase significant digits)
   Mem_inst/n315                0.00           0.00           0.00  (VIOLATED: increase significant digits)
   Mem_inst/n316                0.00           0.00           0.00  (VIOLATED: increase significant digits)
   Mem_inst/n318                0.00           0.00           0.00  (VIOLATED: increase significant digits)
   Mem_inst/n319                0.00           0.00           0.00  (VIOLATED: increase significant digits)
   Mem_inst/n323                0.00           0.00           0.00  (VIOLATED: increase significant digits)
   Mem_inst/n325                0.00           0.00           0.00  (VIOLATED: increase significant digits)
   Mem_inst/n326                0.00           0.00           0.00  (VIOLATED: increase significant digits)
   Mem_inst/n327                0.00           0.00           0.00  (VIOLATED: increase significant digits)
   Mem_inst/n328                0.00           0.00           0.00  (VIOLATED: increase significant digits)
   Mem_inst/n329                0.00           0.00           0.00  (VIOLATED: increase significant digits)
   Mem_inst/n330                0.00           0.00           0.00  (VIOLATED: increase significant digits)
   Mem_inst/n332                0.00           0.00           0.00  (VIOLATED: increase significant digits)
   Mem_inst/n333                0.00           0.00           0.00  (VIOLATED: increase significant digits)
   Mem_inst/n337                0.00           0.00           0.00  (VIOLATED: increase significant digits)
   Mem_inst/n339                0.00           0.00           0.00  (VIOLATED: increase significant digits)
   Mem_inst/n340                0.00           0.00           0.00  (VIOLATED: increase significant digits)
   Mem_inst/n341                0.00           0.00           0.00  (VIOLATED: increase significant digits)
   Mem_inst/n342                0.00           0.00           0.00  (VIOLATED: increase significant digits)
   Mem_inst/n343                0.00           0.00           0.00  (VIOLATED: increase significant digits)
   Mem_inst/n344                0.00           0.00           0.00  (VIOLATED: increase significant digits)
   Mem_inst/n346                0.00           0.00           0.00  (VIOLATED: increase significant digits)
   Mem_inst/n347                0.00           0.00           0.00  (VIOLATED: increase significant digits)
   Mem_inst/n351                0.00           0.00           0.00  (VIOLATED: increase significant digits)
   Mem_inst/n353                0.00           0.00           0.00  (VIOLATED: increase significant digits)
   Mem_inst/n354                0.00           0.00           0.00  (VIOLATED: increase significant digits)
   Mem_inst/n355                0.00           0.00           0.00  (VIOLATED: increase significant digits)
   Mem_inst/n356                0.00           0.00           0.00  (VIOLATED: increase significant digits)
   Mem_inst/n357                0.00           0.00           0.00  (VIOLATED: increase significant digits)
   Mem_inst/n358                0.00           0.00           0.00  (VIOLATED: increase significant digits)
   Mem_inst/n360                0.00           0.00           0.00  (VIOLATED: increase significant digits)
   Mem_inst/n361                0.00           0.00           0.00  (VIOLATED: increase significant digits)
   Mem_inst/n365                0.00           0.00           0.00  (VIOLATED: increase significant digits)
   Mem_inst/n367                0.00           0.00           0.00  (VIOLATED: increase significant digits)
   Mem_inst/n368                0.00           0.00           0.00  (VIOLATED: increase significant digits)
   Mem_inst/n369                0.00           0.00           0.00  (VIOLATED: increase significant digits)
   Mem_inst/n370                0.00           0.00           0.00  (VIOLATED: increase significant digits)
   Mem_inst/n371                0.00           0.00           0.00  (VIOLATED: increase significant digits)
   Mem_inst/n372                0.00           0.00           0.00  (VIOLATED: increase significant digits)
   Mem_inst/n374                0.00           0.00           0.00  (VIOLATED: increase significant digits)
   Mem_inst/n375                0.00           0.00           0.00  (VIOLATED: increase significant digits)
   Mem_inst/n379                0.00           0.00           0.00  (VIOLATED: increase significant digits)
   Mem_inst/n381                0.00           0.00           0.00  (VIOLATED: increase significant digits)
   Mem_inst/n382                0.00           0.00           0.00  (VIOLATED: increase significant digits)
   Mem_inst/n383                0.00           0.00           0.00  (VIOLATED: increase significant digits)
   Mem_inst/n384                0.00           0.00           0.00  (VIOLATED: increase significant digits)
   Mem_inst/n385                0.00           0.00           0.00  (VIOLATED: increase significant digits)
   Mem_inst/n386                0.00           0.00           0.00  (VIOLATED: increase significant digits)
   Mem_inst/n388                0.00           0.00           0.00  (VIOLATED: increase significant digits)
   Mem_inst/n389                0.00           0.00           0.00  (VIOLATED: increase significant digits)
   Mem_inst/n393                0.00           0.00           0.00  (VIOLATED: increase significant digits)
   Mem_inst/n395                0.00           0.00           0.00  (VIOLATED: increase significant digits)
   Mem_inst/n396                0.00           0.00           0.00  (VIOLATED: increase significant digits)
   Mem_inst/n397                0.00           0.00           0.00  (VIOLATED: increase significant digits)
   Mem_inst/n398                0.00           0.00           0.00  (VIOLATED: increase significant digits)
   Mem_inst/n399                0.00           0.00           0.00  (VIOLATED: increase significant digits)
   Mem_inst/n400                0.00           0.00           0.00  (VIOLATED: increase significant digits)
   Mem_inst/n402                0.00           0.00           0.00  (VIOLATED: increase significant digits)
   Mem_inst/n410                0.00           0.00           0.00  (VIOLATED: increase significant digits)
   Mem_inst/n412                0.00           0.00           0.00  (VIOLATED: increase significant digits)
   R_addr[0]                    0.00           0.00           0.00  (VIOLATED: increase significant digits)
   R_addr[1]                    0.00           0.00           0.00  (VIOLATED: increase significant digits)
   R_addr[2]                    0.00           0.00           0.00  (VIOLATED: increase significant digits)
   R_addr[3]                    0.00           0.00           0.00  (VIOLATED: increase significant digits)
   R_ptr_gray[0]                0.00           0.00           0.00  (VIOLATED: increase significant digits)
   R_ptr_gray[1]                0.00           0.00           0.00  (VIOLATED: increase significant digits)
   R_ptr_gray[2]                0.00           0.00           0.00  (VIOLATED: increase significant digits)
   R_ptr_gray[3]                0.00           0.00           0.00  (VIOLATED: increase significant digits)
   R_ptr_gray[4]                0.00           0.00           0.00  (VIOLATED: increase significant digits)
   Read_ptr_inst/R_ptr_bin[4]
                                0.00           0.00           0.00  (VIOLATED: increase significant digits)
   Sync_r2w_inst/sync_r2w_r_ptr_ff1[0]
                                0.00           0.00           0.00  (VIOLATED: increase significant digits)
   Sync_r2w_inst/sync_r2w_r_ptr_ff1[1]
                                0.00           0.00           0.00  (VIOLATED: increase significant digits)
   Sync_r2w_inst/sync_r2w_r_ptr_ff1[2]
                                0.00           0.00           0.00  (VIOLATED: increase significant digits)
   Sync_r2w_inst/sync_r2w_r_ptr_ff1[3]
                                0.00           0.00           0.00  (VIOLATED: increase significant digits)
   Sync_r2w_inst/sync_r2w_r_ptr_ff1[4]
                                0.00           0.00           0.00  (VIOLATED: increase significant digits)
   Sync_w2r_inst/sync_w2r_w_ptr_ff1[0]
                                0.00           0.00           0.00  (VIOLATED: increase significant digits)
   Sync_w2r_inst/sync_w2r_w_ptr_ff1[1]
                                0.00           0.00           0.00  (VIOLATED: increase significant digits)
   Sync_w2r_inst/sync_w2r_w_ptr_ff1[2]
                                0.00           0.00           0.00  (VIOLATED: increase significant digits)
   Sync_w2r_inst/sync_w2r_w_ptr_ff1[3]
                                0.00           0.00           0.00  (VIOLATED: increase significant digits)
   Sync_w2r_inst/sync_w2r_w_ptr_ff1[4]
                                0.00           0.00           0.00  (VIOLATED: increase significant digits)
   W_ptr_gray[0]                0.00           0.00           0.00  (VIOLATED: increase significant digits)
   W_ptr_gray[1]                0.00           0.00           0.00  (VIOLATED: increase significant digits)
   W_ptr_gray[2]                0.00           0.00           0.00  (VIOLATED: increase significant digits)
   W_ptr_gray[3]                0.00           0.00           0.00  (VIOLATED: increase significant digits)
   W_ptr_gray[4]                0.00           0.00           0.00  (VIOLATED: increase significant digits)
   Write_ptr_inst/W_ptr_bin[4]
                                0.00           0.00           0.00  (VIOLATED: increase significant digits)
   mem_bus.W_addr[0]            0.00           0.00           0.00  (VIOLATED: increase significant digits)
   mem_bus.W_addr[1]            0.00           0.00           0.00  (VIOLATED: increase significant digits)
   mem_bus.W_addr[2]            0.00           0.00           0.00  (VIOLATED: increase significant digits)
   mem_bus.W_addr[3]            0.00           0.00           0.00  (VIOLATED: increase significant digits)
   n364                         0.00           0.00           0.00  (VIOLATED: increase significant digits)
   n379                         0.00           0.00           0.00  (VIOLATED: increase significant digits)
   n386                         0.00           0.00           0.00  (VIOLATED: increase significant digits)
   n398                         0.00           0.00           0.00  (VIOLATED: increase significant digits)
   n405                         0.00           0.00           0.00  (VIOLATED: increase significant digits)
   n423                         0.00           0.00           0.00  (VIOLATED: increase significant digits)
   n469                         0.00           0.00           0.00  (VIOLATED: increase significant digits)
   n475                         0.00           0.00           0.00  (VIOLATED: increase significant digits)
   n478                         0.00           0.00           0.00  (VIOLATED: increase significant digits)
   n487                         0.00           0.00           0.00  (VIOLATED: increase significant digits)
   n501                         0.00           0.00           0.00  (VIOLATED: increase significant digits)
   n515                         0.00           0.00           0.00  (VIOLATED: increase significant digits)
   n529                         0.00           0.00           0.00  (VIOLATED: increase significant digits)
   n543                         0.00           0.00           0.00  (VIOLATED: increase significant digits)
   n557                         0.00           0.00           0.00  (VIOLATED: increase significant digits)
   n571                         0.00           0.00           0.00  (VIOLATED: increase significant digits)
   n593                         0.00           0.00           0.00  (VIOLATED: increase significant digits)
   n595                         0.00           0.00           0.00  (VIOLATED: increase significant digits)
   n596                         0.00           0.00           0.00  (VIOLATED: increase significant digits)
   n597                         0.00           0.00           0.00  (VIOLATED: increase significant digits)
   sync_r2w_r_ptr[0]            0.00           0.00           0.00  (VIOLATED: increase significant digits)
   sync_r2w_r_ptr[1]            0.00           0.00           0.00  (VIOLATED: increase significant digits)
   sync_r2w_r_ptr[2]            0.00           0.00           0.00  (VIOLATED: increase significant digits)
   sync_r2w_r_ptr[3]            0.00           0.00           0.00  (VIOLATED: increase significant digits)
   sync_r2w_r_ptr[4]            0.00           0.00           0.00  (VIOLATED: increase significant digits)
   sync_w2r_w_ptr[0]            0.00           0.00           0.00  (VIOLATED: increase significant digits)
   sync_w2r_w_ptr[1]            0.00           0.00           0.00  (VIOLATED: increase significant digits)
   sync_w2r_w_ptr[2]            0.00           0.00           0.00  (VIOLATED: increase significant digits)
   sync_w2r_w_ptr[3]            0.00           0.00           0.00  (VIOLATED: increase significant digits)
   sync_w2r_w_ptr[4]            0.00           0.00           0.00  (VIOLATED: increase significant digits)

   -----------------------------------------------------------------
   Total                      131                -0.20  

1
#set filename [format "%s%s"  $my_toplevel ".vh"]
#write -f verilog -output $filename
#set filename [format "%s%s"  $my_toplevel ".sdc"]
#write_sdc $filename
#set filename [format "%s%s"  $my_toplevel ".db"]
#write -f db -hier -output $filename -xg_force_db
redirect timing.rep { report_timing }
redirect cell.rep { report_cell }
redirect power.rep { report_power }
redirect area.rep { report_area }
quit

Memory usage for this session 115 Mbytes.
Memory usage for this session including child processes 115 Mbytes.
CPU usage for this session 3 seconds ( 0.00 hours ).
Elapsed time for this session 7 seconds ( 0.00 hours ).

Thank you...
